// Jest Snapshot v1, https://goo.gl/fbAQLP

exports[`Navba test Should render true 1`] = `ReactWrapper {}`;
